../Drivers/STM32WBxx_HAL_Driver/Inc/stm32wbxx_ll_system.h:2223:26:LL_FLASH_GetUDN	4	static
../Drivers/STM32WBxx_HAL_Driver/Inc/stm32wbxx_ll_system.h:2235:26:LL_FLASH_GetDeviceID	4	static
../Drivers/STM32WBxx_HAL_Driver/Inc/stm32wbxx_ll_system.h:2247:26:LL_FLASH_GetSTCompanyID	4	static
../STM32_WPAN/App/app_ble.c:384:6:APP_BLE_Init	80	static
../STM32_WPAN/App/app_ble.c:544:28:SVCCTL_App_Notification	48	static
../STM32_WPAN/App/app_ble.c:785:22:APP_BLE_Get_Server_Connection_Status	4	static
../STM32_WPAN/App/app_ble.c:799:13:Ble_Tl_Init	16	static
../STM32_WPAN/App/app_ble.c:810:13:Ble_Hci_Gap_Gatt_Init	72	static
../STM32_WPAN/App/app_ble.c:1115:13:Adv_Request	56	static
../STM32_WPAN/App/app_ble.c:1205:16:BleGetBdAddress	32	static
../STM32_WPAN/App/app_ble.c:1262:13:Adv_Cancel	16	static
../STM32_WPAN/App/app_ble.c:1293:13:Adv_Cancel_Req	8	static
../STM32_WPAN/App/app_ble.c:1308:13:Switch_OFF_GPIO	4	static
../STM32_WPAN/App/app_ble.c:1373:6:hci_notify_asynch_evt	16	static
../STM32_WPAN/App/app_ble.c:1380:6:hci_cmd_resp_release	16	static
../STM32_WPAN/App/app_ble.c:1387:6:hci_cmd_resp_wait	16	static
../STM32_WPAN/App/app_ble.c:1394:13:BLE_UserEvtRx	24	static
../STM32_WPAN/App/app_ble.c:1414:13:BLE_StatusNot	24	static
../STM32_WPAN/App/app_ble.c:1453:6:SVCCTL_ResumeUserEventFlow	8	static
