../Drivers/LT/ADP5360_PMIC/adp5360.c:106:10:adpSetDefaultConfig	16	static
../Drivers/LT/ADP5360_PMIC/adp5360.c:239:10:adpResetSOC	16	static
../Drivers/LT/ADP5360_PMIC/adp5360.c:262:10:adpReadStatus	16	static
../Drivers/LT/ADP5360_PMIC/adp5360.c:337:10:adpClearInterrupts	16	static
../Drivers/LT/ADP5360_PMIC/adp5360.c:359:6:LTCheckBatteryPrep	8	static
../Drivers/LT/ADP5360_PMIC/adp5360.c:417:10:adp5360ReadBytes	40	static
../Drivers/LT/ADP5360_PMIC/adp5360.c:443:10:adp5360WriteBytes	40	static
../Drivers/LT/ADP5360_PMIC/adp5360.c:468:17:recoverI2C	8	static
../Drivers/LT/ADP5360_PMIC/adp5360.c:484:10:adp5360Init	24	static
../Drivers/LT/ADP5360_PMIC/adp5360.c:541:10:adp5360DeInit	16	static
../Drivers/LT/ADP5360_PMIC/adp5360.c:555:10:adp5360Test	16	static
../Drivers/LT/ADP5360_PMIC/adp5360.c:584:6:adp5360IsModInit	4	static
../Drivers/LT/ADP5360_PMIC/adp5360.c:595:10:adp5360SwitchBuckMode	24	static
../Drivers/LT/ADP5360_PMIC/adp5360.c:632:10:adp5360Enable5V	16	static
../Drivers/LT/ADP5360_PMIC/adp5360.c:654:10:adp5360Disable5V	16	static
../Drivers/LT/ADP5360_PMIC/adp5360.c:675:10:adp5360ReadStatus	8	static
../Drivers/LT/ADP5360_PMIC/adp5360.c:685:10:adp5360RefreshSOC	16	static
../Drivers/LT/ADP5360_PMIC/adp5360.c:712:10:adp5360EnableShipMode	16	static
../Drivers/LT/ADP5360_PMIC/adp5360.c:725:6:checkBattery	8	static
../Drivers/LT/ADP5360_PMIC/adp5360.c:753:6:adp5360IRQHandler	16	static
